[mesh] 110,736,175 tets, 18,924,562 verts
[fault] 4,147,554 unique fault edges, 1,386,066 fault vertices  (2s)
   4,000,000/110,736,175  fails 166  (3s)
   36,000,000/110,736,175  fails 23,266  (9s)
   68,000,000/110,736,175  fails 35,709  (15s)
   100,000,000/110,736,175  fails 70,364  (21s)

[GATE] FAIL -- 428,060 of 110,736,175 cells (0.3866%) below Vs/dx = 0.8
  worst Vs/dx 0.6667  ->  resolved 0.5000 Hz at p3, 0.8334 Hz at p5
  classes: fault-edge exempt 0 | fault-vertex pinned 9 | free 428,051
  shortfall dx/need: med 1.056  p90 1.146  p99 1.192  max 1.200
  Vs  min 179.2  med 331.2 m/s
  dx  med 441.3 m   need med 414.0 m
  z   p05 -7343  med -89  p95 -39 m
  depth bins (barycenter z):
     [ -40000, -20000)      12,936    3.0%
     [ -20000, -10000)       6,097    1.4%
     [ -10000,  -5000)       7,335    1.7%
     [  -5000,  -2000)       4,034    0.9%
     [  -2000,  -1000)         394    0.1%
     [  -1000,   -500)         204    0.0%
     [   -500,   -250)          54    0.0%
     [   -250,   -125)          14    0.0%
     [   -125,      1)     396,992   92.7%

[out] results/census_round0.json / _failcells.npy / _needdx.npy   (24s)
