Info    : Running 'gmsh -3 /Users/chunhuizhao/projects/seas-mfem/miniapps/seas/safs/mesh/safs.geo -setnumber x_min -190000.0 -setnumber x_max 180000.0 -setnumber y_min -130000.0 -setnumber y_max 130000.0 -setnumber z_top 0.0 -setnumber z_bot -50000.0 -setnumber res_f 1000.0 -setnumber res_ff 20000.0 -setnumber ramp_dist 35000.0 -setnumber tube_radius 5000.0 -setnumber algo3d 10 -setnumber local_refine 0 -setnumber local_refine_size 500.0 -setnumber local_refine_radius 2000.0 -o output/newset_6_all6_garnetfirst/output/safs_newset_6.msh' [Gmsh 4.15.0, 1 node, max. 1 thread]
Info    : Started on Sat May  2 21:46:39 2026
Info    : Reading '/Users/chunhuizhao/projects/seas-mfem/miniapps/seas/safs/mesh/safs.geo'...
Info    : Reading '/Users/chunhuizhao/projects/seas-mfem/miniapps/seas/safs/mesh/safs_includes.geo'...
Info    : Reading '/Users/chunhuizhao/projects/seas-mfem/miniapps/seas/safs/mesh/output/newset_6_all6_garnetfirst/output/safs_combined.stl'...
Info    : 15667 facets in solid 0 SAFS:combined
Info    : Done reading '/Users/chunhuizhao/projects/seas-mfem/miniapps/seas/safs/mesh/output/newset_6_all6_garnetfirst/output/safs_combined.stl'
Info    : Done reading '/Users/chunhuizhao/projects/seas-mfem/miniapps/seas/safs/mesh/safs_includes.geo'
Info    : Done reading '/Users/chunhuizhao/projects/seas-mfem/miniapps/seas/safs/mesh/safs.geo'
Info    : Meshing 1D...
Info    : [  0%] Meshing curve 1 (Line)
Info    : [ 10%] Meshing curve 2 (Line)
Info    : [ 20%] Meshing curve 3 (Line)
Info    : [ 30%] Meshing curve 4 (Line)
Info    : [ 40%] Meshing curve 5 (Line)
Info    : [ 50%] Meshing curve 6 (Line)
Info    : [ 60%] Meshing curve 7 (Line)
Info    : [ 60%] Meshing curve 8 (Line)
Info    : [ 70%] Meshing curve 9 (Line)
Info    : [ 80%] Meshing curve 10 (Line)
Info    : [ 90%] Meshing curve 11 (Line)
Info    : [100%] Meshing curve 12 (Line)
Info    : Done meshing 1D (Wall 0.00221062s, CPU 0.002152s)
Info    : Meshing 2D...
Info    : [  0%] Meshing surface 1 (Plane, Frontal-Delaunay)
Info    : [ 20%] Meshing surface 2 (Plane, Frontal-Delaunay)
Info    : [ 30%] Meshing surface 3 (Plane, Frontal-Delaunay)
Info    : [ 50%] Meshing surface 4 (Plane, Frontal-Delaunay)
Info    : [ 60%] Meshing surface 5 (Plane, Frontal-Delaunay)
Info    : [ 80%] Meshing surface 6 (Plane, Frontal-Delaunay)
Info    : Done meshing 2D (Wall 0.214696s, CPU 0.21282s)
Info    : Meshing 3D...
Info    : 3D Meshing 1 volume with 1 connected component
Info    : Input mesh hash f42ae95d38783708
Info    : Creating an empty mesh with 22552 vertices
Info    : Initialization of tet. mesh
Info    : Delaunay of      22548 points on   1 threads - mesh.nvert: 4         
Info    : Recovering 853 missing facet(s)
Info    : Recover Delaunay
Info    : Steiner(s) point(s) were inserted
Info    : All volumes of the BRep were found and colorized accordingly
Info    : Computing mesh sizes...
Info    : Done computing mesh sizes
Info    : Delaunay of      68144 points on   1 threads - mesh.nvert: 22555     
Info    :           -      54552 points filtered
Info    :           =      13592 points added
Info    : Computing mesh sizes...
Info    : Done computing mesh sizes
Info    : Delaunay of      87743 points on   1 threads - mesh.nvert: 36147     
Info    :           -      58953 points filtered
Info    :           =      28790 points added
Info    : Computing mesh sizes...
Info    : Done computing mesh sizes
Info    : Delaunay of      99688 points on   1 threads - mesh.nvert: 64937     
Info    :           -      60282 points filtered
Info    :           =      39406 points added
Info    : Computing mesh sizes...
Info    : Done computing mesh sizes
Info    : Delaunay of      97164 points on   1 threads - mesh.nvert: 104343    
Info    :           -      60351 points filtered
Info    :           =      36813 points added
Info    : Computing mesh sizes...
Info    : Done computing mesh sizes
Info    : Delaunay of      51333 points on   1 threads - mesh.nvert: 141156    
Info    :           -      32006 points filtered
Info    :           =      19327 points added
Info    : Computing mesh sizes...
Info    : Done computing mesh sizes
Info    : Delaunay of       8285 points on   1 threads - mesh.nvert: 160483    
Info    :           -       3765 points filtered
Info    :           =       4520 points added
Info    : Computing mesh sizes...
Info    : Done computing mesh sizes
Info    : Delaunay of        690 points on   1 threads - mesh.nvert: 165003    
Info    :           -        198 points filtered
Info    :           =        492 points added
Info    : Computing mesh sizes...
Info    : Done computing mesh sizes
Info    : Delaunay of         53 points on   1 threads - mesh.nvert: 165495    
Info    :           -         12 points filtered
Info    :           =         41 points added
Info    : Computing mesh sizes...
Info    : Done computing mesh sizes
Info    : Delaunay of          5 points on   1 threads - mesh.nvert: 165536    
Info    :           -          2 points filtered
Info    :           =          3 points added
Info    : Computing mesh sizes...
Info    : Done computing mesh sizes
Info    : Improving     147316 tet. on   1 thrd (S & ER)
Info    : Improving      59910 tet. on   1 thrd (S & ER)
Info    : Improving      48312 tet. on   1 thrd (S & ER)
Info    : Improving      43125 tet. on   1 thrd (S & ER)
Info    : Improving      40907 tet. on   1 thrd (S & ER)
Info    : Improving      39923 tet. on   1 thrd (S & ER)
Info    : Improving      39507 tet. on   1 thrd (S & ER)
Info    : Improving      39305 tet. on   1 thrd (S & ER)
Info    : Improving      39211 tet. on   1 thrd (GSC)
Info    : Improving      26705 tet. on   1 thrd (S & ER)
Info    : Improving      22814 tet. on   1 thrd (S & ER)
Info    : Improving      21532 tet. on   1 thrd (S & ER)
Info    : Improving      21159 tet. on   1 thrd (S & ER)
Info    : Improving      20999 tet. on   1 thrd (S & ER)
Info    : Improving      20945 tet. on   1 thrd (S & ER)
Info    : Improving      20922 tet. on   1 thrd (S & ER)
Info    : Improving      20919 tet. on   1 thrd (GSC)
Info    : Improving      19607 tet. on   1 thrd (S & ER)
Info    : Improving      18492 tet. on   1 thrd (S & ER)
Info    : Improving      18236 tet. on   1 thrd (S & ER)
Info    : Improving      18143 tet. on   1 thrd (S & ER)
Info    : Improving      18103 tet. on   1 thrd (S & ER)
Info    : Improving      18073 tet. on   1 thrd (S & ER)
Info    : Improving      18068 tet. on   1 thrd (GSC)
Info    : Improving      17838 tet. on   1 thrd (S & ER)
Info    : Improving      17626 tet. on   1 thrd (S & ER)
Info    : Improving      17567 tet. on   1 thrd (S & ER)
Info    : Improving      17547 tet. on   1 thrd (S & ER)
Info    : Improving      17533 tet. on   1 thrd (S & ER)
Info    : Improving      17530 tet. on   1 thrd (GSC)
Info    : Improving      17514 tet. on   1 thrd (S & ER)
Info    : Improving      17462 tet. on   1 thrd (S & ER)
Info    : Improving      17454 tet. on   1 thrd (S & ER)
Info    : Improving      17447 tet. on   1 thrd (GSC)
Info    : Improving      17417 tet. on   1 thrd (S & ER)
Info    : Improving      17401 tet. on   1 thrd (S & ER)
Info    : Improving      17398 tet. on   1 thrd (GSC)
Info    :  	Final tet. mesh contains 966579 tetrahedra
Info    :  	Final tet. mesh contains 165539 vertices
Info    : tEmptyMesh  	 = 	    0.037
Info    : tVerifyBnd  	 = 	    0.007
Info    : tBndRecovery	 = 	    0.065
Info    : tConvertMesh	 = 	    0.010
Info    : tRefine     	 = 	    1.364
Info    : tOptimize   	 = 	   30.795
Info    : Done meshing 3D (Wall 34.0201s, CPU 33.9113s)
Info    : 165537 nodes 982454 elements
Info    : Writing 'output/newset_6_all6_garnetfirst/output/safs_newset_6.msh'...
Info    : Done writing 'output/newset_6_all6_garnetfirst/output/safs_newset_6.msh'
Info    : Stopped on Sat May  2 21:47:15 2026 (From start: Wall 35.1073s, CPU 34.9691s)
  combined STL  : output/newset_6_all6_garnetfirst/output/safs_combined.stl (7727 verts, 15667 tris, snap=0.1 m)
gmsh -3 /Users/chunhuizhao/projects/seas-mfem/miniapps/seas/safs/mesh/safs.geo -setnumber x_min -190000.0 -setnumber x_max 180000.0 -setnumber y_min -130000.0 -setnumber y_max 130000.0 -setnumber z_top 0.0 -setnumber z_bot -50000.0 -setnumber res_f 1000.0 -setnumber res_ff 20000.0 -setnumber ramp_dist 35000.0 -setnumber tube_radius 5000.0 -setnumber algo3d 10 -setnumber local_refine 0 -setnumber local_refine_size 500.0 -setnumber local_refine_radius 2000.0 -o output/newset_6_all6_garnetfirst/output/safs_newset_6.msh


generate_safs_mesh OK: wrote output/newset_6_all6_garnetfirst/output/safs_newset_6.msh
  domain_box.json: output/newset_6_all6_garnetfirst/output/domain_box.json
  sizing.json    : output/newset_6_all6_garnetfirst/output/sizing.json
  measured       : {'n_points': 165537, 'triangle_tag_1': 160, 'triangle_tag_2': 160, 'triangle_tag_3': 224, 'triangle_tag_4': 224, 'triangle_tag_5': 27660, 'triangle_tag_6': 1218, 'triangle_tag_100': 15667, 'tetra_tag_10': 936933}
